/file/set-tui-version "24.1"
(cx-gui-do cx-set-list-tree-selections "NavigationPane*Frame2*Table1*List_Tree2" (list "Results|Animations|Playback"))
(cx-gui-do cx-set-list-tree-selections "NavigationPane*Frame2*Table1*List_Tree2" (list "Results|Animations|Playback"))
(cx-gui-do cx-activate-item "NavigationPane*Frame2*Table1*List_Tree2")
(cx-gui-do cx-set-list-tree-selections "NavigationPane*Frame2*Table1*List_Tree2" (list "Results|Animations|Playback"))
(cx-gui-do cx-set-list-selections "Playback*DropDownList6(Write/Record Format)" '( 2))
(cx-gui-do cx-activate-item "Playback*DropDownList6(Write/Record Format)")
(cx-gui-do cx-activate-item "Playback*PushButton9(Video Options)")
(cx-gui-do cx-set-integer-entry "Video Options*Table1*IntegerEntry2(FPS)" 30)
(cx-gui-do cx-activate-item "Video Options*Table1*IntegerEntry2(FPS)")
(cx-gui-do cx-set-toggle-button2 "Video Options*Table1*Frame3(Resolution)*Table1*ToggleBox1*CheckButton1(Use Original Resolution)" #f)
(cx-gui-do cx-activate-item "Video Options*Table1*Frame3(Resolution)*Table1*ToggleBox1*CheckButton1(Use Original Resolution)")
(cx-gui-do cx-set-list-selections "Video Options*Table1*Frame3(Resolution)*Table1*DropDownList3(Select Resolution)" '( 3))
(cx-gui-do cx-activate-item "Video Options*Table1*Frame3(Resolution)*Table1*DropDownList3(Select Resolution)")
(cx-gui-do cx-activate-item "Video Options*PanelButtons*PushButton1(OK)")
(cx-gui-do cx-set-list-selections "Playback*Frame10*List1(Animation Sequences)" '( 0))
(cx-gui-do cx-activate-item "Playback*Frame10*List1(Animation Sequences)")
(cx-gui-do cx-set-integer-entry "Playback*Table1(Playback)*IntegerEntry6(End Frame)" 300)
(cx-gui-do cx-activate-item "Playback*Table1(Playback)*IntegerEntry6(End Frame)")
(cx-gui-do cx-activate-item "Playback*PanelButtons*PushButton1(Apply)")
(cx-gui-do cx-set-list-selections "Playback*Frame10*List1(Animation Sequences)" '( 1))
(cx-gui-do cx-activate-item "Playback*Frame10*List1(Animation Sequences)")
(cx-gui-do cx-set-integer-entry "Playback*Table1(Playback)*IntegerEntry6(End Frame)" 300)
(cx-gui-do cx-activate-item "Playback*Table1(Playback)*IntegerEntry6(End Frame)")
(cx-gui-do cx-activate-item "Playback*PanelButtons*PushButton1(Apply)")
(cx-gui-do cx-activate-item "Playback*PanelButtons*PushButton2(Close)")
(cx-gui-do cx-activate-item "MenuBar*WriteSubMenu*Stop Journal")
